tick 4
Task: task0 excuted
tick 7
Task: task0 excuted
tick 9
Task: task2 excuted
tick 10
Task: task0 excuted
tick 11
Task: task1 excuted
tick 13
Task: task0 excuted
tick 16
Task: task0 excuted
tick 17
Task: task2 excuted
tick 19
Task: task0 excuted
tick 20
Task: task1 excuted
tick 22
Task: task0 excuted
tick 25
Task: task0 excuted
Task: task2 excuted
tick 28
Task: task0 excuted
tick 29
Task: task1 excuted
