Not Accepted.
Not Accepted.
Not Accepted.
Not Accepted.
Not Accepted.
Not Accepted.
Not Accepted.
Not Accepted.
Not Accepted.
Not Accepted.
Not Accepted.
Not Accepted.
Not Accepted.
Not Accepted.
Not Accepted.
Not Accepted.
Not Accepted.
Not Accepted.
Not Accepted.
Not Accepted.
Not Accepted.
Not Accepted.
Accepted.
Not Accepted.
Not Accepted.
Not Accepted.
Not Accepted.
Not Accepted.
Not Accepted.
Not Accepted.
Not Accepted.
Not Accepted.
Not Accepted.
Not Accepted.
Not Accepted.
Not Accepted.
Not Accepted.
Not Accepted.
Not Accepted.
Not Accepted.
